<!DOCTYPE html>
<html lang="en">
<head>
<meta charset="utf-8"/>
<style>body{background-color:white;}</style>
<link href="lib/htmltools-fill-0.5.8.1/fill.css" rel="stylesheet" />
<script src="lib/htmlwidgets-1.6.4/htmlwidgets.js"></script>
<script src="lib/plotly-binding-4.10.4/plotly.js"></script>
<script src="lib/typedarray-0.1/typedarray.min.js"></script>
<script src="lib/jquery-3.5.1/jquery.min.js"></script>
<link href="lib/crosstalk-1.2.1/css/crosstalk.min.css" rel="stylesheet" />
<script src="lib/crosstalk-1.2.1/js/crosstalk.min.js"></script>
<link href="lib/plotly-htmlwidgets-css-2.11.1/plotly-htmlwidgets.css" rel="stylesheet" />
<script src="lib/plotly-main-2.11.1/plotly-latest.min.js"></script>
  <title>plotly</title>
</head>
<body>
<div id="htmlwidget_container">
  <div class="plotly html-widget html-fill-item" id="htmlwidget-598d3fba3c4dc3ce9a39" style="width:100%;height:400px;"></div>
</div>
<script type="application/json" data-for="htmlwidget-598d3fba3c4dc3ce9a39">{"x":{"visdat":{"4880315e6580":["function () ","plotlyVisDat"],"48805c497e51":["function () ","data"]},"cur_data":"48805c497e51","attrs":{"4880315e6580":{"mode":"lines+markers","alpha_stroke":1,"sizes":[10,100],"spans":[1,20],"type":"scatter3d"},"48805c497e51":{"mode":"markers","alpha_stroke":1,"sizes":[10,100],"spans":[1,20],"type":"scatter3d","x":{},"y":{},"z":{},"marker":{"size":0,"color":"YlOrRd","opacity":0.5},"text":["1_152032509_A>G","1_155169447_C>T","2_119372409_G>A","4_73871236_G>C","17_7403042_C>A","4_49061920_G>A","3_143517199_C>T","7_100963828_C>T","13_31953403_A>C","13_31891644_C>T"],"hoverinfo":"text","inherit":true}},"layout":{"margin":{"b":40,"l":60,"t":50,"r":10},"title":"Transposed SNV matrix","showlegend":false,"scene":{"xaxis":{"title":"UMAP_1"},"yaxis":{"title":"UMAP_2"},"zaxis":{"title":"UMAP_3"}},"hovermode":"closest"},"source":"A","config":{"modeBarButtonsToAdd":["hoverclosest","hovercompare"],"showSendToCloud":false},"data":[{"mode":"lines+markers","type":"scatter3d","marker":{"color":"rgba(31,119,180,1)","line":{"color":"rgba(31,119,180,1)"}},"error_y":{"color":"rgba(31,119,180,1)"},"error_x":{"color":"rgba(31,119,180,1)"},"line":{"color":"rgba(31,119,180,1)"},"frame":null},{"mode":"markers","type":"scatter3d","x":[0.31032947469302485,-0.47890926124515754,-1.2245878791555902,0.34890180686337663,-0.99393207350896007,-0.023187862259728943,0.615287117010894,0.98349281939786171,-0.34047131794241087,0.8030771761466905],"y":[-0.15193845823185725,0.12352147098593846,0.77279300748229396,-0.16636690685068123,0.50039349359537955,-0.8255408124129815,0.97319746582076871,-0.72096915649587157,-1.0008000918923865,0.49570998799939581],"z":[-0.63519627190750749,-0.18654262838616217,0.099013838405893645,0.5333017980473107,0.54468091377135064,0.15478472180806535,-0.16890375498541763,-0.32981065406514176,-0.57664086368663936,0.56531290099824805],"marker":{"color":"YlOrRd","size":0,"opacity":0.5,"line":{"color":"rgba(255,127,14,1)"}},"text":["1_152032509_A>G","1_155169447_C>T","2_119372409_G>A","4_73871236_G>C","17_7403042_C>A","4_49061920_G>A","3_143517199_C>T","7_100963828_C>T","13_31953403_A>C","13_31891644_C>T"],"hoverinfo":["text","text","text","text","text","text","text","text","text","text"],"error_y":{"color":"rgba(255,127,14,1)"},"error_x":{"color":"rgba(255,127,14,1)"},"line":{"color":"rgba(255,127,14,1)"},"frame":null}],"highlight":{"on":"plotly_click","persistent":false,"dynamic":false,"selectize":false,"opacityDim":0.20000000000000001,"selected":{"opacity":1},"debounce":0},"shinyEvents":["plotly_hover","plotly_click","plotly_selected","plotly_relayout","plotly_brushed","plotly_brushing","plotly_clickannotation","plotly_doubleclick","plotly_deselect","plotly_afterplot","plotly_sunburstclick"],"base_url":"https://plot.ly"},"evals":[],"jsHooks":[]}</script>
<script type="application/htmlwidget-sizing" data-for="htmlwidget-598d3fba3c4dc3ce9a39">{"viewer":{"width":"100%","height":400,"padding":0,"fill":true},"browser":{"width":"100%","height":400,"padding":0,"fill":true}}</script>
</body>
</html>
