<!DOCTYPE html>
<html lang="en">
<head>
<meta charset="utf-8"/>
<style>body{background-color:white;}</style>
<link href="lib/htmltools-fill-0.5.8.1/fill.css" rel="stylesheet" />
<script src="lib/htmlwidgets-1.6.4/htmlwidgets.js"></script>
<script src="lib/plotly-binding-4.10.4/plotly.js"></script>
<script src="lib/typedarray-0.1/typedarray.min.js"></script>
<script src="lib/jquery-3.5.1/jquery.min.js"></script>
<link href="lib/crosstalk-1.2.1/css/crosstalk.min.css" rel="stylesheet" />
<script src="lib/crosstalk-1.2.1/js/crosstalk.min.js"></script>
<link href="lib/plotly-htmlwidgets-css-2.11.1/plotly-htmlwidgets.css" rel="stylesheet" />
<script src="lib/plotly-main-2.11.1/plotly-latest.min.js"></script>
  <title>plotly</title>
</head>
<body>
<div id="htmlwidget_container">
  <div class="plotly html-widget html-fill-item" id="htmlwidget-9c68228d6c0dc098df93" style="width:100%;height:400px;"></div>
</div>
<script type="application/json" data-for="htmlwidget-9c68228d6c0dc098df93">{"x":{"visdat":{"30689c45734":["function () ","plotlyVisDat"],"3068559c69a7":["function () ","data"]},"cur_data":"3068559c69a7","attrs":{"30689c45734":{"mode":"lines+markers","alpha_stroke":1,"sizes":[10,100],"spans":[1,20],"type":"scatter3d"},"3068559c69a7":{"mode":"markers","alpha_stroke":1,"sizes":[10,100],"spans":[1,20],"type":"scatter3d","x":{},"y":{},"z":{},"marker":{"size":0,"color":"YlOrRd","opacity":0.5},"text":["1_152032509_A>G","1_155169447_C>T","2_119372409_G>A","4_73871236_G>C","17_7403042_C>A","4_49061920_G>A","3_143517199_C>T","7_100963828_C>T","13_31953403_A>C","13_31891644_C>T"],"hoverinfo":"text","inherit":true}},"layout":{"margin":{"b":40,"l":60,"t":50,"r":10},"title":"Transposed SNV matrix","showlegend":false,"scene":{"xaxis":{"title":"UMAP_1"},"yaxis":{"title":"UMAP_2"},"zaxis":{"title":"UMAP_3"}},"hovermode":"closest"},"source":"A","config":{"modeBarButtonsToAdd":["hoverclosest","hovercompare"],"showSendToCloud":false},"data":[{"mode":"lines+markers","type":"scatter3d","marker":{"color":"rgba(31,119,180,1)","line":{"color":"rgba(31,119,180,1)"}},"error_y":{"color":"rgba(31,119,180,1)"},"error_x":{"color":"rgba(31,119,180,1)"},"line":{"color":"rgba(31,119,180,1)"},"frame":null},{"mode":"markers","type":"scatter3d","x":[0.74563040658266178,0.17181266483290658,-0.64147060971929992,0.13886826278659159,-0.76457054071344754,0.0036374951775490771,0.53899286664885881,-0.4606529177252916,0.082820587474577767,0.18493178465489435],"y":[0.50596518338976393,-0.29581967736982989,-1.1151247902645338,-0.12344733710635844,-0.72077215896384128,0.081373587234331884,-0.89814659639123418,0.45127115592201089,0.94174905641174711,1.172951577137944],"z":[0.20522704103510758,-0.72548550379873511,-0.60137861163128115,0.49441289243613351,-0.15182018393634156,-0.18767116721669552,0.25969864494939898,0.40644956922887943,-0.23824162829371609,0.53880894722724904],"marker":{"color":"YlOrRd","size":0,"opacity":0.5,"line":{"color":"rgba(255,127,14,1)"}},"text":["1_152032509_A>G","1_155169447_C>T","2_119372409_G>A","4_73871236_G>C","17_7403042_C>A","4_49061920_G>A","3_143517199_C>T","7_100963828_C>T","13_31953403_A>C","13_31891644_C>T"],"hoverinfo":["text","text","text","text","text","text","text","text","text","text"],"error_y":{"color":"rgba(255,127,14,1)"},"error_x":{"color":"rgba(255,127,14,1)"},"line":{"color":"rgba(255,127,14,1)"},"frame":null}],"highlight":{"on":"plotly_click","persistent":false,"dynamic":false,"selectize":false,"opacityDim":0.20000000000000001,"selected":{"opacity":1},"debounce":0},"shinyEvents":["plotly_hover","plotly_click","plotly_selected","plotly_relayout","plotly_brushed","plotly_brushing","plotly_clickannotation","plotly_doubleclick","plotly_deselect","plotly_afterplot","plotly_sunburstclick"],"base_url":"https://plot.ly"},"evals":[],"jsHooks":[]}</script>
<script type="application/htmlwidget-sizing" data-for="htmlwidget-9c68228d6c0dc098df93">{"viewer":{"width":"100%","height":400,"padding":0,"fill":true},"browser":{"width":"100%","height":400,"padding":0,"fill":true}}</script>
</body>
</html>
