"SNV"	"H_statistic"	"p_value"	"p_adj"
"2_119372409_G_A"	133.142847822734	1.06615597497807e-23	6.39693584986843e-23
"1_152032509_A_G"	32.8339529709259	0.000290448782836628	0.00174269269701977
