"SNV"	"H_statistic"	"p_value"	"p_adj"
"2_119372409_G_A"	114.639130862953	6.16961676425332e-20	4.31873173497732e-19
"4_49061920_G_A"	16.9936934498213	0.00451177306520623	0.0315824114564436
