"SNV"	"H_statistic"	"p_value"	"p_adj"
"2_119372409_G_A"	133.142847822734	1.06615597497807e-23	6.39693584986843e-23
"1_152032509_A_G"	32.8339529709259	0.000290448782836628	0.00174269269701977
"4_49061920_G_A"	10.012780123606	0.0184578115289721	0.110746869173833
"13_31891644_C_T"	7	0.135888225400433	0.815329352402601
"3_143517199_C_T"	11.3283582089553	0.253871342612386	1
"7_100963828_C_T"	3.33929728803832	0.502730129733255	1
