"SNV"	"H_statistic"	"p_value"	"p_adj"
"2_119372409_G_A"	114.639130862953	6.16961676425332e-20	4.31873173497732e-19
"4_49061920_G_A"	16.9936934498213	0.00451177306520623	0.0315824114564436
"1_152032509_A_G"	13.5298043413171	0.195538686829885	1
"1_155169447_C_T"	5.0926539836841	0.88490325555667	1
"13_31891644_C_T"	2.33333333333335	0.506165219093905	1
"3_143517199_C_T"	10.7423076923078	0.150261098545277	1
"7_100963828_C_T"	1.42400548127356	0.699917486280856	1
