"SNV"	"H_statistic"	"p_value"	"p_adj"
"2_119372409_G_A"	132.849747934774	3.07393029125338e-24	2.15175120387737e-23
"4_49061920_G_A"	15.0314188245841	0.00463649406214275	0.0324554584349993
