"SNV"	"H_statistic"	"p_value"	"p_adj"
"2_119372409_G_A"	132.849747934774	3.07393029125338e-24	2.15175120387737e-23
"4_49061920_G_A"	15.0314188245841	0.00463649406214275	0.0324554584349993
"1_152032509_A_G"	12.4899598410982	0.18707505417662	1
"1_155169447_C_T"	5.82439861452544	0.757356486715175	1
"13_31891644_C_T"	2.33333333333335	0.506165219093905	1
"3_143517199_C_T"	8.88230769230778	0.180305996946514	1
"7_100963828_C_T"	1.43440009384628	0.697491337536173	1
